#-----------------------------------------------------------
# Vivado v2022.1 (64-bit)
# SW Build 3526262 on Mon Apr 18 15:48:16 MDT 2022
# IP Build 3524634 on Mon Apr 18 20:55:01 MDT 2022
# Start of session at: Wed May 21 16:26:12 2025
# Process ID: 2612
# Current directory: C:/Users/Martin/Documents/REPO/MPC-PLD/PC02_rew
# Command line: vivado.exe -gui_launcher_event rodinguilauncherevent25588 C:\Users\Martin\Documents\REPO\MPC-PLD\PC02_rew\PC02_rew.xpr
# Log file: C:/Users/Martin/Documents/REPO/MPC-PLD/PC02_rew/vivado.log
# Journal file: C:/Users/Martin/Documents/REPO/MPC-PLD/PC02_rew\vivado.jou
# Running On: LENOVO-MT, OS: Windows, CPU Frequency: 3294 MHz, CPU Physical cores: 12, Host memory: 14702 MB
#-----------------------------------------------------------
start_gui
open_project C:/Users/Martin/Documents/REPO/MPC-PLD/PC02_rew/PC02_rew.xpr
update_compile_order -fileset sources_1
launch_simulation
source simple_adder_tb.tcl
close_sim
launch_simulation
source simple_adder_tb.tcl
close_sim
launch_simulation
launch_simulation
launch_simulation
source simple_adder_tb.tcl
relaunch_sim
save_wave_config {C:/Users/Martin/Documents/REPO/MPC-PLD/PC02_rew/simple_adder_tb_behav.wcfg}
add_files -fileset sim_1 -norecurse C:/Users/Martin/Documents/REPO/MPC-PLD/PC02_rew/simple_adder_tb_behav.wcfg
set_property xsim.view C:/Users/Martin/Documents/REPO/MPC-PLD/PC02_rew/simple_adder_tb_behav.wcfg [get_filesets sim_1]
close_sim
launch_simulation
open_wave_config C:/Users/Martin/Documents/REPO/MPC-PLD/PC02_rew/simple_adder_tb_behav.wcfg
source simple_adder_tb.tcl
close_sim
launch_simulation
open_wave_config C:/Users/Martin/Documents/REPO/MPC-PLD/PC02_rew/simple_adder_tb_behav.wcfg
source simple_adder_tb.tcl
close_sim
launch_simulation
open_wave_config C:/Users/Martin/Documents/REPO/MPC-PLD/PC02_rew/simple_adder_tb_behav.wcfg
source simple_adder_tb.tcl
close_sim
launch_simulation
open_wave_config C:/Users/Martin/Documents/REPO/MPC-PLD/PC02_rew/simple_adder_tb_behav.wcfg
source simple_adder_tb.tcl
close_sim
launch_simulation
open_wave_config C:/Users/Martin/Documents/REPO/MPC-PLD/PC02_rew/simple_adder_tb_behav.wcfg
source simple_adder_tb.tcl
close_sim
launch_simulation
open_wave_config C:/Users/Martin/Documents/REPO/MPC-PLD/PC02_rew/simple_adder_tb_behav.wcfg
source simple_adder_tb.tcl
close_sim
launch_simulation
open_wave_config C:/Users/Martin/Documents/REPO/MPC-PLD/PC02_rew/simple_adder_tb_behav.wcfg
source simple_adder_tb.tcl
close_sim
launch_simulation
launch_simulation
open_wave_config C:/Users/Martin/Documents/REPO/MPC-PLD/PC02_rew/simple_adder_tb_behav.wcfg
source simple_adder_tb.tcl
close_sim
launch_simulation
open_wave_config C:/Users/Martin/Documents/REPO/MPC-PLD/PC02_rew/simple_adder_tb_behav.wcfg
source simple_adder_tb.tcl
close_sim
launch_simulation
open_wave_config C:/Users/Martin/Documents/REPO/MPC-PLD/PC02_rew/simple_adder_tb_behav.wcfg
source simple_adder_tb.tcl
close_sim
launch_simulation
open_wave_config C:/Users/Martin/Documents/REPO/MPC-PLD/PC02_rew/simple_adder_tb_behav.wcfg
source simple_adder_tb.tcl
close_sim
launch_simulation
open_wave_config C:/Users/Martin/Documents/REPO/MPC-PLD/PC02_rew/simple_adder_tb_behav.wcfg
source simple_adder_tb.tcl
close_sim
launch_simulation
open_wave_config C:/Users/Martin/Documents/REPO/MPC-PLD/PC02_rew/simple_adder_tb_behav.wcfg
source simple_adder_tb.tcl
close_sim
launch_simulation
open_wave_config C:/Users/Martin/Documents/REPO/MPC-PLD/PC02_rew/simple_adder_tb_behav.wcfg
source simple_adder_tb.tcl
close_sim
launch_simulation
open_wave_config C:/Users/Martin/Documents/REPO/MPC-PLD/PC02_rew/simple_adder_tb_behav.wcfg
source simple_adder_tb.tcl
close_sim
launch_simulation
open_wave_config C:/Users/Martin/Documents/REPO/MPC-PLD/PC02_rew/simple_adder_tb_behav.wcfg
source simple_adder_tb.tcl
save_wave_config {C:/Users/Martin/Documents/REPO/MPC-PLD/PC02_rew/simple_adder_tb_behav.wcfg}
relaunch_sim
relaunch_sim
relaunch_sim
save_wave_config {C:/Users/Martin/Documents/REPO/MPC-PLD/PC02_rew/simple_adder_tb_behav.wcfg}
relaunch_sim
relaunch_sim
relaunch_sim
relaunch_sim
relaunch_sim
relaunch_sim
update_compile_order -fileset sources_1
close_sim
update_compile_order -fileset sources_1
launch_simulation
open_wave_config C:/Users/Martin/Documents/REPO/MPC-PLD/PC02_rew/simple_adder_tb_behav.wcfg
source simple_adder.tcl
update_compile_order -fileset sources_1
relaunch_sim
close_sim
launch_simulation
open_wave_config C:/Users/Martin/Documents/REPO/MPC-PLD/PC02_rew/simple_adder_tb_behav.wcfg
source simple_adder_tb.tcl
relaunch_sim
relaunch_sim
relaunch_sim
relaunch_sim
relaunch_sim
close_sim
close_project
open_project C:/Users/Martin/Documents/REPO/MPC-PLD/PC03/bin_cnt/bin_cnt.xpr
update_compile_order -fileset sources_1
open_run synth_1 -name synth_1
close_design
open_run impl_1
close_design
open_run synth_1 -name synth_1
report_timing_summary -delay_type min_max -report_unconstrained -check_timing_verbose -max_paths 10 -input_pins -routable_nets -name timing_1
close_design
close_project
open_project C:/Users/Martin/Documents/REPO/MPC-PLD/PC04_05/PC_04_template_2025/Stopwatch.xpr
update_compile_order -fileset sources_1
# Disabling source management mode.  This is to allow the top design properties to be set without GUI intervention.
set_property source_mgmt_mode None [current_project]
set_property top ce_gen_tb [get_filesets sim_1]
set_property top_lib xil_defaultlib [get_filesets sim_1]
# Re-enabling previously disabled source management mode.
set_property source_mgmt_mode All [current_project]
update_compile_order -fileset sim_1
launch_simulation
open_wave_config C:/Users/Martin/Documents/REPO/MPC-PLD/PC04_05/PC_04_template_2025/btn_in_tb_behav.wcfg
source ce_gen_tb.tcl
close_sim
reset_simulation -simset sim_1 -mode behavioral
launch_simulation
open_wave_config C:/Users/Martin/Documents/REPO/MPC-PLD/PC04_05/PC_04_template_2025/btn_in_tb_behav.wcfg
source ce_gen_tb.tcl
close_sim
reset_simulation -simset sim_1 -mode behavioral
launch_simulation
open_wave_config C:/Users/Martin/Documents/REPO/MPC-PLD/PC04_05/PC_04_template_2025/btn_in_tb_behav.wcfg
source ce_gen_tb.tcl
relaunch_sim
save_wave_config {C:/Users/Martin/Documents/REPO/MPC-PLD/PC04_05/PC_04_template_2025/btn_in_tb_behav.wcfg}
close_sim
close_project
open_project C:/Users/Martin/Documents/REPO/MPC-PLD/PC04_05/PC_04_template_2025/Stopwatch.xpr
update_compile_order -fileset sources_1
# Disabling source management mode.  This is to allow the top design properties to be set without GUI intervention.
set_property source_mgmt_mode None [current_project]
set_property top bcd_counter_tb [get_filesets sim_1]
set_property top_lib xil_defaultlib [get_filesets sim_1]
# Re-enabling previously disabled source management mode.
set_property source_mgmt_mode All [current_project]
update_compile_order -fileset sim_1
launch_simulation
open_wave_config C:/Users/Martin/Documents/REPO/MPC-PLD/PC04_05/PC_04_template_2025/btn_in_tb_behav.wcfg
source bcd_counter_tb.tcl
relaunch_sim
save_wave_config {C:/Users/Martin/Documents/REPO/MPC-PLD/PC04_05/PC_04_template_2025/btn_in_tb_behav.wcfg}
create_wave_config; add_wave /; set_property needs_save false [current_wave_config]
close_sim
close_project
